TITLE                                                                            | REG (Exp) | REG (Act) | COND (Exp) | COND (Act) | J:  | R: 
--------------------------------------------------------------------------------------------------------------------------------------------
Notice Manuel Original  Duck Hunt  Mario Bros Pour Nintendo Nes en FRA           | PAL   | PAL   | MANUAL_ONLY | IRRELEVANT | F | F
Notice Nintendo NES Duck Hunt Super Mario Bros  Bon ╔tat - Version FAH           | PAL   | PAL   | MANUAL_ONLY | IRRELEVANT | F | F
Amiibo 'Super Smash Bros' - Duo Duck Hunt                                        | None  | None  | JUNK       | JUNK       | T | T
Lot de 2 films protecteurs d'Úcran en acrylique compatibles avec Nintendo NES    | None  | None  | JUNK       | JUNK       | T | F
